0 verbose cli C:\Program Files\nodejs\node.exe C:\Program Files\nodejs\node_modules\npm\bin\npm-cli.js
1 info using npm@10.9.2
2 info using node@v22.16.0
3 silly config load:file:C:\Program Files\nodejs\node_modules\npm\npmrc
4 silly config load:file:C:\Users\shema\Desktop\project\shaka\.npmrc
5 silly config load:file:C:\Users\shema\.npmrc
6 silly config load:file:C:\Users\shema\AppData\Roaming\npm\etc\npmrc
7 verbose title npm exec @keygraph/shannon@latest --help
8 verbose argv "exec" "--yes" "--" "@keygraph/shannon@latest" "--help"
9 verbose logfile logs-max:10 dir:C:\Users\shema\Desktop\project\shaka\.npm-cache\_logs\2026-07-19T23_56_08_852Z-
10 verbose logfile C:\Users\shema\Desktop\project\shaka\.npm-cache\_logs\2026-07-19T23_56_08_852Z-debug-0.log
11 silly logfile done cleaning log files
12 silly packumentCache heap:2197815296 maxSize:549453824 maxEntrySize:274726912
13 verbose shrinkwrap failed to load node_modules/.package-lock.json missing from node_modules: node_modules/@img/sharp-darwin-arm64
14 http fetch GET https://registry.npmjs.org/@keygraph%2fshannon attempt 1 failed with EACCES
15 http fetch GET https://registry.npmjs.org/@keygraph%2fshannon attempt 2 failed with EACCES
16 http fetch GET https://registry.npmjs.org/@keygraph%2fshannon attempt 3 failed with EACCES
17 http fetch GET 200 https://registry.npmjs.org/@keygraph%2fshannon 70813ms (cache stale)
18 silly packumentCache heap:2197815296 maxSize:549453824 maxEntrySize:274726912
19 verbose Could not read global path C:\Users\shema\AppData\Roaming\npm, ignoring
20 silly packumentCache heap:2197815296 maxSize:549453824 maxEntrySize:274726912
21 verbose cwd C:\Users\shema\Desktop\project\shaka
22 verbose os Windows_NT 10.0.22621
23 verbose node v22.16.0
24 verbose npm  v10.9.2
25 verbose exit 1
26 verbose code 1
